[1:1-1:4] IDENTIFIER:ime
[2:1-2:16] IDENTIFIER:Ime_S_Presledki
[3:1-3:20] IDENTIFIER:im3_k1_1m4_5t3v1lk3
[4:1-4:19] IDENTIFIER:whileSpremenljivka
[5:1-5:21] IDENTIFIER:integerSpremenljivka
EOF:$
