"5 is not larger than 10"
"20 is larger than 10"
"x1 < x2"
true
"x1 >= x2"
true
