[1:43-1:48]: ERROR: Comparison operator `LT` only supports integer and logical values

