[1:1-1:82]: ERROR: Function return type doesn't match function body return type: `int`!=`void`

