Defs [1:1-1:50]
  FunDef [1:1-1:50]: comp
    # typed as: (log, log) -> log
    Parameter [1:10-1:20]: a
      # typed as: log
      Atom [1:13-1:20]: LOG
        # typed as: log
    Parameter [1:22-1:32]: b
      # typed as: log
      Atom [1:25-1:32]: LOG
        # typed as: log
    Atom [1:35-1:42]: LOG
      # typed as: log
    Binary [1:45-1:50]: LT
      # typed as: log
      Name [1:45-1:46]: a
        # defined at: [1:10-1:20]
        # typed as: log
      Name [1:49-1:50]: b
        # defined at: [1:22-1:32]
        # typed as: log
