[1:42-1:48]: ERROR: Types for left and right side of expression don't match: `log` != `int`

