[1:39-1:44]: ERROR: Arithmetic operator `DIV` only supports integer values

