Defs [1:1-59:17]
  FunDef [1:1-55:2]: main
    # typed as: (ARR(100,int)) -> int
    # framed as: FRAME [main]: level=1,locals_size=52,arguments_size=12,parameters_size=8,size=68
    Parameter [1:10-1:26]: args
      # typed as: ARR(100,int)
      # accessed as: Parameter: size[4],offset[4],sl[1]
      Array [1:15-1:26]
        # typed as: ARR(100,int)
        [100]
        TypeName [1:23-1:26]: int
          # defined at: [57:1-57:16]
          # typed as: int
    TypeName [1:28-1:31]: int
      # defined at: [57:1-57:16]
      # typed as: int
    Where [1:34-55:2]
      # typed as: int
      Defs [24:5-54:6]
        VarDef [24:5-24:29]: pogostost
          # typed as: ARR(10,int)
          # accessed as: Local: size[40],offset[-40],sl[1]
          Array [24:19-24:29]
            # typed as: ARR(10,int)
            [10]
            TypeName [24:26-24:29]: int
              # defined at: [57:1-57:16]
              # typed as: int
        VarDef [25:5-25:14]: i
          # typed as: int
          # accessed as: Local: size[4],offset[-44],sl[1]
          TypeName [25:11-25:14]: int
            # defined at: [57:1-57:16]
            # typed as: int
        VarDef [26:5-26:16]: max
          # typed as: int
          # accessed as: Local: size[4],offset[-48],sl[1]
          TypeName [26:13-26:16]: int
            # defined at: [57:1-57:16]
            # typed as: int
        VarDef [27:5-27:22]: max_index
          # typed as: int
          # accessed as: Local: size[4],offset[-52],sl[1]
          TypeName [27:19-27:22]: int
            # defined at: [57:1-57:16]
            # typed as: int
        FunDef [30:5-41:6]: najvecji
          # typed as: (ARR(10,int)) -> int
          # framed as: FRAME [L[0]]: level=2,locals_size=8,arguments_size=0,parameters_size=8,size=16
          Parameter [30:18-30:34]: array
            # typed as: ARR(10,int)
            # accessed as: Parameter: size[4],offset[4],sl[2]
            Array [30:24-30:34]
              # typed as: ARR(10,int)
              [10]
              TypeName [30:31-30:34]: int
                # defined at: [57:1-57:16]
                # typed as: int
          TypeName [30:36-30:39]: int
            # defined at: [57:1-57:16]
            # typed as: int
          Where [30:42-41:6]
            # typed as: int
            Defs [39:9-40:20]
              VarDef [39:9-39:18]: i
                # typed as: int
                # accessed as: Local: size[4],offset[-4],sl[2]
                TypeName [39:15-39:18]: int
                  # defined at: [57:1-57:16]
                  # typed as: int
              VarDef [40:9-40:20]: max
                # typed as: int
                # accessed as: Local: size[4],offset[-8],sl[2]
                TypeName [40:17-40:20]: int
                  # defined at: [57:1-57:16]
                  # typed as: int
            Block [30:42-38:6]
              # typed as: int
              Binary [31:9-31:18]: ASSIGN
                # typed as: int
                Name [31:10-31:13]: max
                  # defined at: [40:9-40:20]
                  # typed as: int
                Literal [31:16-31:17]: INT(0)
                  # typed as: int
              For [32:9-36:10]
                # typed as: void
                Name [32:14-32:15]: i
                  # defined at: [39:9-39:18]
                  # typed as: int
                Literal [32:18-32:19]: INT(0)
                  # typed as: int
                Literal [32:21-32:23]: INT(10)
                  # typed as: int
                Literal [32:25-32:26]: INT(1)
                  # typed as: int
                IfThenElse [33:13-35:14]
                  # typed as: void
                  Binary [33:17-33:31]: GT
                    # typed as: log
                    Binary [33:17-33:25]: ARR
                      # typed as: int
                      Name [33:17-33:22]: array
                        # defined at: [30:18-30:34]
                        # typed as: ARR(10,int)
                      Name [33:23-33:24]: i
                        # defined at: [39:9-39:18]
                        # typed as: int
                    Name [33:28-33:31]: max
                      # defined at: [40:9-40:20]
                      # typed as: int
                  Binary [34:17-34:33]: ASSIGN
                    # typed as: int
                    Name [34:18-34:21]: max
                      # defined at: [40:9-40:20]
                      # typed as: int
                    Binary [34:24-34:32]: ARR
                      # typed as: int
                      Name [34:24-34:29]: array
                        # defined at: [30:18-30:34]
                        # typed as: ARR(10,int)
                      Name [34:30-34:31]: i
                        # defined at: [39:9-39:18]
                        # typed as: int
              Name [37:9-37:12]: max
                # defined at: [40:9-40:20]
                # typed as: int
        FunDef [43:5-54:6]: index
          # typed as: (ARR(10,int), int) -> int
          # framed as: FRAME [L[1]]: level=2,locals_size=8,arguments_size=0,parameters_size=12,size=16
          Parameter [43:15-43:31]: array
            # typed as: ARR(10,int)
            # accessed as: Parameter: size[4],offset[4],sl[2]
            Array [43:21-43:31]
              # typed as: ARR(10,int)
              [10]
              TypeName [43:28-43:31]: int
                # defined at: [57:1-57:16]
                # typed as: int
          Parameter [43:33-43:42]: value
            # typed as: int
            # accessed as: Parameter: size[4],offset[8],sl[2]
            TypeName [43:39-43:42]: int
              # defined at: [57:1-57:16]
              # typed as: int
          TypeName [43:44-43:47]: int
            # defined at: [57:1-57:16]
            # typed as: int
          Where [43:50-54:6]
            # typed as: int
            Defs [52:9-53:28]
              VarDef [52:9-52:18]: i
                # typed as: int
                # accessed as: Local: size[4],offset[-4],sl[2]
                TypeName [52:15-52:18]: int
                  # defined at: [57:1-57:16]
                  # typed as: int
              VarDef [53:9-53:28]: returnValue
                # typed as: int
                # accessed as: Local: size[4],offset[-8],sl[2]
                TypeName [53:25-53:28]: int
                  # defined at: [57:1-57:16]
                  # typed as: int
            Block [43:50-51:6]
              # typed as: int
              Binary [44:9-44:27]: ASSIGN
                # typed as: int
                Name [44:10-44:21]: returnValue
                  # defined at: [53:9-53:28]
                  # typed as: int
                Unary [44:24-44:26]: SUB
                  # typed as: int
                  Literal [44:25-44:26]: INT(1)
                    # typed as: int
              For [45:9-49:10]
                # typed as: void
                Name [45:14-45:15]: i
                  # defined at: [52:9-52:18]
                  # typed as: int
                Literal [45:18-45:19]: INT(0)
                  # typed as: int
                Literal [45:21-45:23]: INT(10)
                  # typed as: int
                Literal [45:25-45:26]: INT(1)
                  # typed as: int
                IfThenElse [46:13-48:14]
                  # typed as: void
                  Binary [46:17-46:54]: AND
                    # typed as: log
                    Binary [46:17-46:34]: EQ
                      # typed as: log
                      Binary [46:17-46:25]: ARR
                        # typed as: int
                        Name [46:17-46:22]: array
                          # defined at: [43:15-43:31]
                          # typed as: ARR(10,int)
                        Name [46:23-46:24]: i
                          # defined at: [52:9-52:18]
                          # typed as: int
                      Name [46:29-46:34]: value
                        # defined at: [43:33-43:42]
                        # typed as: int
                    Binary [46:37-46:54]: EQ
                      # typed as: log
                      Name [46:37-46:48]: returnValue
                        # defined at: [53:9-53:28]
                        # typed as: int
                      Unary [46:52-46:54]: SUB
                        # typed as: int
                        Literal [46:53-46:54]: INT(1)
                          # typed as: int
                  Binary [47:17-47:34]: ASSIGN
                    # typed as: int
                    Name [47:18-47:29]: returnValue
                      # defined at: [53:9-53:28]
                      # typed as: int
                    Name [47:32-47:33]: i
                      # defined at: [52:9-52:18]
                      # typed as: int
              Name [50:9-50:20]: returnValue
                # defined at: [53:9-53:28]
                # typed as: int
      Block [1:34-23:2]
        # typed as: int
        For [6:5-8:6]
          # typed as: void
          Name [6:10-6:11]: i
            # defined at: [25:5-25:14]
            # typed as: int
          Literal [6:14-6:15]: INT(0)
            # typed as: int
          Literal [6:17-6:19]: INT(10)
            # typed as: int
          Literal [6:21-6:22]: INT(1)
            # typed as: int
          Binary [7:9-7:27]: ASSIGN
            # typed as: int
            Binary [7:10-7:22]: ARR
              # typed as: int
              Name [7:10-7:19]: pogostost
                # defined at: [24:5-24:29]
                # typed as: ARR(10,int)
              Name [7:20-7:21]: i
                # defined at: [25:5-25:14]
                # typed as: int
            Literal [7:25-7:26]: INT(0)
              # typed as: int
        For [11:5-13:6]
          # typed as: void
          Name [11:10-11:11]: i
            # defined at: [25:5-25:14]
            # typed as: int
          Literal [11:14-11:15]: INT(0)
            # typed as: int
          Literal [11:17-11:20]: INT(100)
            # typed as: int
          Literal [11:22-11:23]: INT(1)
            # typed as: int
          Binary [12:9-12:58]: ASSIGN
            # typed as: int
            Binary [12:10-12:30]: ARR
              # typed as: int
              Name [12:10-12:19]: pogostost
                # defined at: [24:5-24:29]
                # typed as: ARR(10,int)
              Binary [12:20-12:29]: ARR
                # typed as: int
                Name [12:20-12:24]: args
                  # defined at: [1:10-1:26]
                  # typed as: ARR(100,int)
                Binary [12:25-12:28]: SUB
                  # typed as: int
                  Name [12:25-12:26]: i
                    # defined at: [25:5-25:14]
                    # typed as: int
                  Literal [12:27-12:28]: INT(1)
                    # typed as: int
            Binary [12:33-12:57]: ADD
              # typed as: int
              Binary [12:33-12:53]: ARR
                # typed as: int
                Name [12:33-12:42]: pogostost
                  # defined at: [24:5-24:29]
                  # typed as: ARR(10,int)
                Binary [12:43-12:52]: ARR
                  # typed as: int
                  Name [12:43-12:47]: args
                    # defined at: [1:10-1:26]
                    # typed as: ARR(100,int)
                  Binary [12:48-12:51]: SUB
                    # typed as: int
                    Name [12:48-12:49]: i
                      # defined at: [25:5-25:14]
                      # typed as: int
                    Literal [12:50-12:51]: INT(1)
                      # typed as: int
              Literal [12:56-12:57]: INT(1)
                # typed as: int
        Binary [16:5-16:32]: ASSIGN
          # typed as: int
          Name [16:6-16:9]: max
            # defined at: [26:5-26:16]
            # typed as: int
          Call [16:12-16:31]: najvecji
            # defined at: [30:5-41:6]
            # typed as: int
            Name [16:21-16:30]: pogostost
              # defined at: [24:5-24:29]
              # typed as: ARR(10,int)
        Binary [19:5-19:40]: ASSIGN
          # typed as: int
          Name [19:6-19:15]: max_index
            # defined at: [27:5-27:22]
            # typed as: int
          Call [19:18-19:39]: index
            # defined at: [43:5-54:6]
            # typed as: int
            Name [19:24-19:33]: pogostost
              # defined at: [24:5-24:29]
              # typed as: ARR(10,int)
            Name [19:35-19:38]: max
              # defined at: [26:5-26:16]
              # typed as: int
        Binary [22:5-22:16]: ADD
          # typed as: int
          Name [22:5-22:14]: max_index
            # defined at: [27:5-27:22]
            # typed as: int
          Literal [22:15-22:16]: INT(1)
            # typed as: int
  TypeDef [57:1-57:16]: int
    # typed as: int
    Atom [57:9-57:16]: INT
      # typed as: int
  TypeDef [58:1-58:15]: str
    # typed as: str
    Atom [58:9-58:15]: STR
      # typed as: str
  TypeDef [59:1-59:17]: bool
    # typed as: log
    Atom [59:10-59:17]: LOG
      # typed as: log
