[2:1-2:10]: ERROR: Variable type `x` is not a type

