[1:30-1:31]: ERROR: Function `f` used as a normal variable

