Defs [1:1-2:18]
  VarDef [1:1-1:19]: test
    Atom [1:12-1:19]: INT
  VarDef [2:1-2:18]: abc
    Atom [2:11-2:18]: LOG
