[3:42-3:48]: ERROR: Wrong number of arguments for a function call: `3` != `2`

