[2:64-2:75]: ERROR: Logical operator `AND` only supports logical values

