[2:35-2:40]: ERROR: Arithmetic operator `ADD` only supports integer values

