[1:32-1:34]: ERROR: Unary operator `!` only supports logical values

