[1:1-1:47]: ERROR: Function return type doesn't match function body return type: `log`!=`str`

