[1:1-3:2]: ERROR: Function return type doesn't match function body return type: `str`!=`int`

