[1:44-1:47]: ERROR: Arithmetic operator `SUB` only supports integer values

