[1:51-1:54]: ERROR: Arithmetic operator `ADD` only supports integer values

