[1:1-1:80]: ERROR: Function return type doesn't match function body return type: `int`!=`str`

