Defs [1:1-4:2]
  VarDef [1:1-1:21]: izraz1
    # typed as: int
    Atom [1:14-1:21]: INT
      # typed as: int
  FunDef [2:1-4:2]: main
    # typed as: (int) -> int
    Parameter [2:12-2:23]: x
      # typed as: int
      Atom [2:16-2:23]: INT
        # typed as: int
    Atom [2:28-2:35]: INT
      # typed as: int
    Block [2:38-4:2]
      # typed as: int
      Binary [3:5-3:42]: ASSIGN
        # typed as: int
        Name [3:6-3:12]: izraz1
          # defined at: [1:1-1:21]
          # typed as: int
        Binary [3:16-3:41]: DIV
          # typed as: int
          Block [3:16-3:27]
            # typed as: int
            Binary [3:17-3:26]: ADD
              # typed as: int
              Binary [3:17-3:22]: ADD
                # typed as: int
                Literal [3:17-3:18]: INT(1)
                  # typed as: int
                Literal [3:21-3:22]: INT(2)
                  # typed as: int
              Literal [3:25-3:26]: INT(3)
                # typed as: int
          Block [3:30-3:41]
            # typed as: int
            Binary [3:31-3:40]: ADD
              # typed as: int
              Binary [3:31-3:36]: ADD
                # typed as: int
                Literal [3:31-3:32]: INT(4)
                  # typed as: int
                Literal [3:35-3:36]: INT(5)
                  # typed as: int
              Literal [3:39-3:40]: INT(6)
                # typed as: int
