[2:1-2:37]: ERROR: Function return type doesn't match function body return type: `str`!=`int`
