Defs [1:1-3:16]
  TypeDef [1:1-1:11]: t1
    # typed as: int
    TypeName [1:9-1:11]: t2
      # defined at: [2:1-2:11]
      # typed as: int
  TypeDef [2:1-2:11]: t2
    # typed as: int
    TypeName [2:9-2:11]: t3
      # defined at: [3:1-3:16]
      # typed as: int
  TypeDef [3:1-3:16]: t3
    # typed as: int
    Atom [3:9-3:16]: INT
      # typed as: int
