[1:41-1:46]: ERROR: Arithmetic operator `DIV` only supports integer values

