Defs [1:1-3:17]
  TypeDef [1:1-1:12]: t1
    TypeName [1:10-1:12]: t2
      # defined at: [2:1-2:12]
  TypeDef [2:1-2:12]: t2
    TypeName [2:10-2:12]: t3
      # defined at: [3:1-3:17]
  TypeDef [3:1-3:17]: t3
    Atom [3:10-3:17]: LOG
