Defs [1:1-3:38]
  VarDef [1:1-1:32]: j
    Array [1:8-1:32]
      [10]
      Array [1:16-1:32]
        [20]
        Atom [1:25-1:32]: INT
  FunDef [3:1-3:38]: f
    Parameter [3:7-3:17]: a
      Atom [3:10-3:17]: INT
    Atom [3:20-3:27]: INT
    Binary [3:30-3:38]: ARR
      Binary [3:30-3:34]: ARR
        Name [3:30-3:31]: j
          # defined at: [1:1-1:32]
        Literal [3:32-3:33]: INT(5)
      Literal [3:35-3:37]: INT(10)
