Defs [1:1-4:2]
  TypeDef [1:1-1:15]: x
    Atom [1:8-1:15]: INT
  FunDef [2:1-4:2]: g
    Parameter [2:7-2:11]: x
      TypeName [2:10-2:11]: x
        # defined at: [1:1-1:15]
    Atom [2:14-2:21]: INT
    Where [2:24-4:2]
      Defs [3:11-3:25]
        VarDef [3:11-3:25]: x
          Atom [3:18-3:25]: INT
      Block [2:24-2:28]
        Literal [2:25-2:27]: INT(12)
