Defs [1:1-3:63]
  VarDef [1:1-1:15]: a
    Atom [1:8-1:15]: INT
  VarDef [2:1-2:15]: b
    Atom [2:8-2:15]: LOG
  FunDef [3:1-3:63]: f
    Parameter [3:7-3:16]: c
      Atom [3:9-3:16]: INT
    Atom [3:19-3:26]: INT
    Where [3:29-3:63]
      Defs [3:48-3:61]
        VarDef [3:48-3:61]: d
          Atom [3:54-3:61]: INT
      Block [3:29-3:39]
        Binary [3:30-3:33]: ADD
          Name [3:30-3:31]: a
          Name [3:32-3:33]: d
        Binary [3:35-3:38]: MUL
          Name [3:35-3:36]: b
          Name [3:37-3:38]: c
