Global: size[4],label[a]: 
FRAME [neki]: level=1,locals_size=0,arguments_size=0,parameters_size=8,size=8
SEQ:
  EXP:
    CONSTANT: 5
  MOVE:
    NAME: {FP}
    CONSTANT: 5
