[2:1-2:4] IDENTIFIER:num
[2:4-2:5] OP_COLON::
[2:5-2:12] AT_INTEGER:integer
[2:13-2:14] OP_ASSIGN:=
[2:15-2:16] C_INTEGER:2
[2:16-2:17] OP_SEMICOLON:;
[3:1-3:8] IDENTIFIER:zmnozek
[3:8-3:9] OP_COLON::
[3:9-3:16] AT_INTEGER:integer
[3:17-3:18] OP_ASSIGN:=
[3:19-3:22] IDENTIFIER:num
[3:22-3:23] OP_MUL:*
[3:23-3:26] IDENTIFIER:num
[3:26-3:27] OP_SEMICOLON:;
[4:1-4:4] IDENTIFIER:sum
[4:4-4:5] OP_COLON::
[4:5-4:12] AT_INTEGER:integer
[4:13-4:14] OP_ASSIGN:=
[4:15-4:16] C_INTEGER:0
[4:16-4:17] OP_SEMICOLON:;
[7:1-7:4] KW_FOR:for
[7:5-7:6] OP_LPARENT:(
[7:6-7:7] IDENTIFIER:i
[7:7-7:8] OP_COLON::
[7:8-7:15] AT_INTEGER:integer
[7:16-7:17] OP_ASSIGN:=
[7:18-7:19] C_INTEGER:0
[7:19-7:20] OP_SEMICOLON:;
[7:21-7:22] OP_LPARENT:(
[7:22-7:23] IDENTIFIER:i
[7:24-7:25] OP_GT:>
[7:26-7:33] IDENTIFIER:zmnozek
[7:33-7:34] OP_RPARENT:)
[7:35-7:37] OP_EQ:==
[7:38-7:43] C_LOGICAL:false
[7:43-7:44] OP_SEMICOLON:;
[7:45-7:46] IDENTIFIER:i
[7:47-7:48] OP_ASSIGN:=
[7:49-7:50] IDENTIFIER:i
[7:51-7:52] OP_ADD:+
[7:53-7:54] C_INTEGER:1
[7:54-7:55] OP_RPARENT:)
[7:56-7:57] OP_LBRACE:{
[8:5-8:8] IDENTIFIER:sum
[8:9-8:10] OP_ASSIGN:=
[8:11-8:14] IDENTIFIER:sum
[8:15-8:16] OP_ADD:+
[8:17-8:18] IDENTIFIER:i
[8:18-8:19] OP_SEMICOLON:;
[9:1-9:2] OP_RBRACE:}
EOF:$
